Namespace(Nsamp=5, Nstep=21, Vmax=100.0, Vmin=10.0, cycle=False, display=False)
Namespace(Nsamp=5, Nstep=21, Vmax=100.0, Vmin=10.0, cycle=False, display=False)
Namespace(Nsamp=5, Nstep=21, Vmax=100.0, Vmin=10.0, cycle=False, display=False)
Namespace(Nsamp=5, Nstep=21, Vmax=100.0, Vmin=10.0, cycle=False, display=False)
Namespace(Nsamp=5, Nstep=21, Vmax=10023.0, Vmin=10.0, cycle=False, display=False)
D20181109T061923
Namespace(Nsamp=5, Nstep=21, Vmax=10023.0, Vmin=10.0, cycle=False, display=False)
D20181109T061924
Namespace(Nsamp=5, Nstep=21, Vmax=10023.0, Vmin=10.0, cycle=False, display=False)
